09-30 17:03:34.868 32564 32599 I Unity   : [XR] [494830799280] [17:03:34.868][Info   ]   XR_FB_spatial_entity_sharing: Feature="Meta XR Feature": Version=0.0.1, Company="Meta"
09-30 17:03:34.868 32564 32599 I Unity   : [XR] [494830799280] [17:03:34.868][Info   ]   XR_FB_face_tracking: Feature="Meta XR Feature": Version=0.0.1, Company="Meta"
09-30 17:03:34.868 32564 32599 I Unity   : [XR] [494830799280] [17:03:34.868][Info   ]   XR_FB_face_tracking2: Feature="Meta XR Feature": Version=0.0.1, Company="Meta"
09-30 17:03:34.868 32564 32599 I Unity   : [XR] [494830799280] [17:03:34.868][Info   ]   XR_FB_eye_tracking: Feature="Meta XR Feature": Version=0.0.1, Company="Meta"
09-30 17:03:34.868 32564 32599 I Unity   : [XR] [494830799280] [17:03:34.868][Info   ]   XR_FB_eye_tracking_social: Feature="Meta XR Feature": Version=0.0.1, Company="Meta"
09-30 17:03:34.868 32564 32599 I Unity   : [XR] [494830799280] [17:03:34.868][Info   ]   XR_FB_body_tracking: Feature="Meta XR Feature": Version=0.0.1, Company="Meta"
09-30 17:03:34.868 32564 32599 I Unity   : [XR] [494830799280] [17:03:34.868][Info   ]   XR_META_body_tracking_full_body: Feature="Meta XR Feature": Version=0.0.1, Company="Meta"
09-30 17:03:34.868 32564 32599 I Unity   : [XR] [494830799280] [17:03:34.868][Info   ]   XR_META_body_tracking_calibration: Feature="Meta XR Feature": Version=0.0.1, Company="Meta"
09-30 17:03:34.868 32564 32599 I Unity   : [XR] [494830799280] [17:03:34.868][Info   ]   XR_META_body_tracking_fidelity: Feature="Meta XR Feature": Version=0.0.1, Company="Meta"
09-30 17:03:34.868 32564 32599 I Unity   : [XR] [494830799280] [17:03:34.868][Info   ]   XR_FB_keyboard_tracking: Feature="Meta XR Feature": Version=0.0.1, Company="Meta"
09-30 17:03:34.869 32564 32599 I Unity   : [XR] [494830799280] [17:03:34.869][Info   ]   XR_FB_passthrough_keyboard_hands: Feature="Meta XR Feature": Version=0.0.1, Company="Meta"
09-30 17:03:34.869 32564 32599 I Unity   : [XR] [494830799280] [17:03:34.869][Info   ]   XR_OCULUS_audio_device_guid: Feature="Meta XR Feature": Version=0.0.1, Company="Meta"
09-30 17:03:34.869 32564 32599 I Unity   : [XR] [494830799280] [17:03:34.869][Info   ]   XR_META_local_dimming: Feature="Meta XR Feature": Version=0.0.1, Company="Meta"
09-30 17:03:34.869 32564 32599 I Unity   : [XR] [494830799280] [17:03:34.869][Info   ]   XR_META_hand_tracking_wide_motion_mode: Feature="Meta XR Feature": Version=0.0.1, Company="Meta"
09-30 17:03:34.869 32564 32599 I Unity   : [XR] [494830799280] [17:03:34.869][Info   ]   XR_FB_hand_tracking_confidence: Feature="Meta XR Feature": Version=0.0.1, Company="Meta"
09-30 17:03:34.869 32564 32599 I Unity   : [XR] [494830799280] [17:03:34.869][Info   ]   XR_META_colocation_discovery: Feature="Meta XR Feature": Version=0.0.1, Company="Meta"
09-30 17:03:34.869 32564 32599 I Unity   : [XR] [494830799280] [17:03:34.869][Info   ]   XR_META_spatial_entity_sharing: Feature="Meta XR Feature": Version=0.0.1, Company="Meta"
09-30 17:03:34.869 32564 32599 I Unity   : [XR] [494830799280] [17:03:34.869][Info   ]   XR_META_spatial_entity_group_sharing: Feature="Meta XR Feature": Version=0.0.1, Company="Meta"
09-30 17:03:34.869 32564 32599 I Unity   : [XR] [494830799280] [17:03:34.869][Info   ]   XR_METAX1_face_tracking_visemes: Feature="Meta XR Feature": Version=0.0.1, Company="Meta"
09-30 17:03:34.869 32564 32599 I Unity   : [XR] [494830799280] [17:03:34.869][Info   ]   XR_EXTX2_stationary_reference_space: Feature="Meta XR Feature": Version=0.0.1, Company="Meta"
09-30 17:03:34.869 32564 32599 I Unity   : [XR] [494830799280] [17:03:34.869][Info   ]
09-30 17:03:34.869 32564 32599 I Unity   : [XR] [494830799280] [17:03:34.869][Info   ] System Properties: Name="Meta Quest 3", VendorId=10291
09-30 17:03:34.869 32564 32599 I Unity   : [XR] [494830799280] [17:03:34.869][Info   ] System Graphics Properties: MaxWidth=8192, MaxHeight=8192, MaxLayers=32
09-30 17:03:34.869 32564 32599 I Unity   : [XR] [494830799280] [17:03:34.869][Info   ] System Tracking Properties: OrientationTracking=True, PositionTracking=True
09-30 17:03:34.869 32564 32599 I Unity   : [XR] [494830799280] [17:03:34.869][Info   ]
09-30 17:03:34.869 32564 32599 I Unity   : [XR] [494830799280] [17:03:34.869][Info   ] ==== OpenXR Provider Info ====
09-30 17:03:34.869 32564 32599 I Unity   : [XR] [494830799280] [17:03:34.869][Info   ]
09-30 17:03:34.869 32564 32599 I Unity   : [XR] [494830799280] [17:03:34.869][Info   ] Spec Version: 1.1.36
09-30 17:03:34.869 32564 32599 I Unity   : [XR] [494830799280] [17:03:34.869][Info   ] Provider Version: 1.14.0
09-30 17:03:34.869 32564 32599 I Unity   : [XR] [494830799280] [17:03:34.869][Info   ] App: passthroughcamera #3159629941
09-30 17:03:34.869 32564 32599 I Unity   : [XR] [494830799280] [17:03:34.869][Info   ] Engine: 6000.0.38f1 #84042753
09-30 17:03:34.869 32564 32599 I Unity   : [XR] [494830799280] [17:03:34.869][Info   ]
09-30 17:03:34.869 32564 32599 I Unity   : [XR] [494830799280] [17:03:34.869][Info   ] ==== OpenXR Input ====
09-30 17:03:34.869 32564 32599 I Unity   : [XR] [494830799280] [17:03:34.869][Info   ]
09-30 17:03:34.869 32564 32599 I Unity   : [XR] [494830799280] [17:03:34.869][Info   ] Action Sets (2):
09-30 17:03:34.869 32564 32599 I Unity   : [XR] [494830799280] [17:03:34.869][Info   ]   oculustouchcontroller: ActionCount=19
09-30 17:03:34.869 32564 32599 I Unity   : [XR] [494830799280] [17:03:34.869][Info   ]   handinteractionposes: ActionCount=4
09-30 17:03:34.869 32564 32599 I Unity   : [XR] [494830799280] [17:03:34.869][Info   ]
09-30 17:03:34.869 32564 32599 I Unity   : [XR] [494830799280] [17:03:34.869][Info   ]
09-30 17:03:34.869 32564 32599 I Unity   : [XR] [494830799280] [17:03:34.869][Info   ] ==== OpenXR Swapchain Details ====
09-30 17:03:34.869 32564 32599 I Unity   : [XR] [494830799280] [17:03:34.869][Info   ]
09-30 17:03:34.869 32564 32599 I Unity   : [XR] [494830799280] [17:03:34.869][Info   ] Render Mode: Single Pass Instanced
09-30 17:03:34.869 32564 32599 I Unity   : [XR] [494830799280] [17:03:34.869][Info   ] Color Submission Mode: RGBA, 8 bits per channel (LDR)
09-30 17:03:34.869 32564 32599 I Unity   : [XR] [494830799280] [17:03:34.869][Info   ] Depth Submission Mode: None
09-30 17:03:34.869 32564 32599 I Unity   : [XR] [494830799280] [17:03:34.869][Info   ]
09-30 17:03:34.869 32564 32599 I Unity   : [XR] [494830799280] [17:03:34.869][Info   ] Swapchain Format Preferences:
09-30 17:03:34.869 32564 32599 I Unity   : [XR] [494830799280] [17:03:34.869][Info   ]    kRenderTextureFormatGroup8888
09-30 17:03:34.869 32564 32599 I Unity   : [XR] [494830799280] [17:03:34.869][Info   ] Swapchain Formats:
09-30 17:03:34.869 32564 32599 I Unity   : [XR] [494830799280] [17:03:34.869][Info   ]    VK_FORMAT_R8G8_SRGB
09-30 17:03:34.869 32564 32599 I Unity   : [XR] [494830799280] [17:03:34.869][Info   ] [c:VK_FORMAT_R8G8B8A8_SRGB]
09-30 17:03:34.869 32564 32599 I Unity   : [XR] [494830799280] [17:03:34.869][Info   ]    VK_FORMAT_R8_UNORM
09-30 17:03:34.869 32564 32599 I Unity   : [XR] [494830799280] [17:03:34.869][Info   ]    VK_FORMAT_R8G8_UNORM
09-30 17:03:34.869 32564 32599 I Unity   : [XR] [494830799280] [17:03:34.869][Info   ]    VK_FORMAT_R8G8B8A8_UNORM
09-30 17:03:34.869 32564 32599 I Unity   : [XR] [494830799280] [17:03:34.869][Info   ]    VK_FORMAT_R8_SNORM
09-30 17:03:34.869 32564 32599 I Unity   : [XR] [494830799280] [17:03:34.869][Info   ]    VK_FORMAT_R8G8_SNORM
09-30 17:03:34.869 32564 32599 I Unity   : [XR] [494830799280] [17:03:34.869][Info   ]    VK_FORMAT_R8G8B8A8_SNORM
09-30 17:03:34.869 32564 32599 I Unity   : [XR] [494830799280] [17:03:34.869][Info   ]    VK_FORMAT_R8_SRGB
09-30 17:03:34.869 32564 32599 I Unity   : [XR] [494830799280] [17:03:34.869][Info   ]    VK_FORMAT_R16_UNORM
09-30 17:03:34.869 32564 32599 I Unity   : [XR] [494830799280] [17:03:34.869][Info   ]    VK_FORMAT_R16G16_UNORM
09-30 17:03:34.869 32564 32599 I Unity   : [XR] [494830799280] [17:03:34.869][Info   ]    VK_FORMAT_R16G16B16A16_UNORM
09-30 17:03:34.869 32564 32599 I Unity   : [XR] [494830799280] [17:03:34.869][Info   ]    VK_FORMAT_R16_SNORM
09-30 17:03:34.869 32564 32599 I Unity   : [XR] [494830799280] [17:03:34.869][Info   ]    VK_FORMAT_R16G16_SNORM
09-30 17:03:34.869 32564 32599 I Unity   : [XR] [494830799280] [17:03:34.869][Info   ]    VK_FORMAT_R16G16B16A16_SNORM
09-30 17:03:34.869 32564 32599 I Unity   : [XR] [494830799280] [17:03:34.869][Info   ]    VK_FORMAT_R16_UINT
09-30 17:03:34.869 32564 32599 I Unity   : [XR] [494830799280] [17:03:34.869][Info   ]    VK_FORMAT_R16G16_UINT
09-30 17:03:34.869 32564 32599 I Unity   : [XR] [494830799280] [17:03:34.869][Info   ]    VK_FORMAT_R16G16B16A16_UINT
09-30 17:03:34.869 32564 32599 I Unity   : [XR] [494830799280] [17:03:34.869][Info   ]    VK_FORMAT_R16_SINT
09-30 17:03:34.869 32564 32599 I Unity   : [XR] [494830799280] [17:03:34.869][Info   ]    VK_FORMAT_R16G16_SINT
09-30 17:03:34.869 32564 32599 I Unity   : [XR] [494830799280] [17:03:34.869][Info   ]    VK_FORMAT_R16G16B16A16_SINT
09-30 17:03:34.869 32564 32599 I Unity   : [XR] [494830799280] [17:03:34.869][Info   ]    VK_FORMAT_R16_SFLOAT
09-30 17:03:34.869 32564 32599 I Unity   : [XR] [494830799280] [17:03:34.869][Info   ]    VK_FORMAT_R16G16_SFLOAT
09-30 17:03:34.869 32564 32599 I Unity   : [XR] [494830799280] [17:03:34.869][Info   ]    VK_FORMAT_R16G16B16A16_SFLOAT
09-30 17:03:34.869 32564 32599 I Unity   : [XR] [494830799280] [17:03:34.869][Info   ]    VK_FORMAT_R32_SFLOAT
09-30 17:03:34.869 32564 32599 I Unity   : [XR] [494830799280] [17:03:34.869][Info   ]    VK_FORMAT_R4G4B4A4_UNORM_PACK16
09-30 17:03:34.869 32564 32599 I Unity   : [XR] [494830799280] [17:03:34.869][Info   ]    VK_FORMAT_A1R5G5B5_UNORM_PACK16
09-30 17:03:34.869 32564 32599 I Unity   : [XR] [494830799280] [17:03:34.869][Info   ]    VK_FORMAT_ETC2_R8G8B8_UNORM_BLOCK
09-30 17:03:34.869 32564 32599 I Unity   : [XR] [494830799280] [17:03:34.869][Info   ]    VK_FORMAT_ETC2_R8G8B8A1_UNORM_BLOCK
09-30 17:03:34.869 32564 32599 I Unity   : [XR] [494830799280] [17:03:34.869][Info   ]    VK_FORMAT_ETC2_R8G8B8A8_UNORM_BLOCK
09-30 17:03:34.869 32564 32599 I Unity   : [XR] [494830799280] [17:03:34.869][Info   ]    VK_FORMAT_ETC2_R8G8B8_SRGB_BLOCK
09-30 17:03:34.869 32564 32599 I Unity   : [XR] [494830799280] [17:03:34.869][Info   ]    VK_FORMAT_ETC2_R8G8B8A1_SRGB_BLOCK
09-30 17:03:34.869 32564 32599 I Unity   : [XR] [494830799280] [17:03:34.869][Info   ]    VK_FORMAT_ETC2_R8G8B8A8_SRGB_BLOCK
09-30 17:03:34.869 32564 32599 I Unity   : [XR] [494830799280] [17:03:34.869][Info   ]    VK_FORMAT_EAC_R11_UNORM_BLOCK
09-30 17:03:34.869 32564 32599 I Unity   : [XR] [494830799280] [17:03:34.869][Info   ]    VK_FORMAT_EAC_R11G11_UNORM_BLOCK
09-30 17:03:34.869 32564 32599 I Unity   : [XR] [494830799280] [17:03:34.869][Info   ]    VK_FORMAT_EAC_R11_SNORM_BLOCK
09-30 17:03:34.869 32564 32599 I Unity   : [XR] [494830799280] [17:03:34.869][Info   ]    VK_FORMAT_EAC_R11G11_SNORM_BLOCK
09-30 17:03:34.869 32564 32599 I Unity   : [XR] [494830799280] [17:03:34.869][Info   ]    VK_FORMAT_ASTC_4x4_UNORM_BLOCK
09-30 17:03:34.869 32564 32599 I Unity   : [XR] [494830799280] [17:03:34.869][Info   ]    VK_FORMAT_ASTC_5x4_UNORM_BLOCK
09-30 17:03:34.869 32564 32599 I Unity   : [XR] [494830799280] [17:03:34.869][Info   ]    VK_FORMAT_ASTC_5x5_UNORM_BLOCK
09-30 17:03:34.869 32564 32599 I Unity   : [XR] [494830799280] [17:03:34.869][Info   ]    VK_FORMAT_ASTC_6x5_UNORM_BLOCK
09-30 17:03:34.869 32564 32599 I Unity   : [XR] [494830799280] [17:03:34.869][Info   ]    VK_FORMAT_ASTC_6x6_UNORM_BLOCK
09-30 17:03:34.869 32564 32599 I Unity   : [XR] [494830799280] [17:03:34.869][Info   ]    VK_FORMAT_ASTC_8x5_UNORM_BLOCK
09-30 17:03:34.869 32564 32599 I Unity   : [XR] [494830799280] [17:03:34.869][Info   ]    VK_FORMAT_ASTC_8x6_UNORM_BLOCK
09-30 17:03:34.869 32564 32599 I Unity   : [XR] [494830799280] [17:03:34.869][Info   ]    VK_FORMAT_ASTC_8x8_UNORM_BLOCK
09-30 17:03:34.869 32564 32599 I Unity   : [XR] [494830799280] [17:03:34.869][Info   ]    VK_FORMAT_ASTC_10x5_UNORM_BLOCK
09-30 17:03:34.869 32564 32599 I Unity   : [XR] [494830799280] [17:03:34.869][Info   ]    VK_FORMAT_ASTC_10x6_UNORM_BLOCK
09-30 17:03:34.869 32564 32599 I Unity   : [XR] [494830799280] [17:03:34.869][Info   ]    VK_FORMAT_ASTC_10x8_UNORM_BLOCK
09-30 17:03:34.869 32564 32599 I Unity   : [XR] [494830799280] [17:03:34.869][Info   ]    VK_FORMAT_ASTC_10x10_UNORM_BLOCK
09-30 17:03:34.869 32564 32599 I Unity   : [XR] [494830799280] [17:03:34.869][Info   ]    VK_FORMAT_ASTC_12x10_UNORM_BLOCK
09-30 17:03:34.869 32564 32599 I Unity   : [XR] [494830799280] [17:03:34.869][Info   ]    VK_FORMAT_ASTC_12x12_UNORM_BLOCK
09-30 17:03:34.869 32564 32599 I Unity   : [XR] [494830799280] [17:03:34.869][Info   ]    VK_FORMAT_ASTC_4x4_SRGB_BLOCK
09-30 17:03:34.869 32564 32599 I Unity   : [XR] [494830799280] [17:03:34.869][Info   ]    VK_FORMAT_ASTC_5x4_SRGB_BLOCK
09-30 17:03:34.869 32564 32599 I Unity   : [XR] [494830799280] [17:03:34.869][Info   ]    VK_FORMAT_ASTC_5x5_SRGB_BLOCK
09-30 17:03:34.869 32564 32599 I Unity   : [XR] [494830799280] [17:03:34.869][Info   ]    VK_FORMAT_ASTC_6x5_SRGB_BLOCK
09-30 17:03:34.869 32564 32599 I Unity   : [XR] [494830799280] [17:03:34.869][Info   ]    VK_FORMAT_ASTC_6x6_SRGB_BLOCK
09-30 17:03:34.869 32564 32599 I Unity   : [XR] [494830799280] [17:03:34.869][Info   ]    VK_FORMAT_ASTC_8x5_SRGB_BLOCK
09-30 17:03:34.869 32564 32599 I Unity   : [XR] [494830799280] [17:03:34.869][Info   ]    VK_FORMAT_ASTC_8x6_SRGB_BLOCK
09-30 17:03:34.869 32564 32599 I Unity   : [XR] [494830799280] [17:03:34.869][Info   ]    VK_FORMAT_ASTC_8x8_SRGB_BLOCK
09-30 17:03:34.869 32564 32599 I Unity   : [XR] [494830799280] [17:03:34.869][Info   ]    VK_FORMAT_ASTC_10x5_SRGB_BLOCK
09-30 17:03:34.869 32564 32599 I Unity   : [XR] [494830799280] [17:03:34.869][Info   ]    VK_FORMAT_ASTC_10x6_SRGB_BLOCK
09-30 17:03:34.869 32564 32599 I Unity   : [XR] [494830799280] [17:03:34.869][Info   ]    VK_FORMAT_ASTC_10x8_SRGB_BLOCK
09-30 17:03:34.869 32564 32599 I Unity   : [XR] [494830799280] [17:03:34.869][Info   ]    VK_FORMAT_ASTC_10x10_SRGB_BLOCK
09-30 17:03:34.869 32564 32599 I Unity   : [XR] [494830799280] [17:03:34.869][Info   ]    VK_FORMAT_ASTC_12x10_SRGB_BLOCK
09-30 17:03:34.869 32564 32599 I Unity   : [XR] [494830799280] [17:03:34.869][Info   ]    VK_FORMAT_ASTC_12x12_SRGB_BLOCK
09-30 17:03:34.869 32564 32599 I Unity   : [XR] [494830799280] [17:03:34.869][Info   ]    VK_FORMAT_D16_UNORM
09-30 17:03:34.869 32564 32599 I Unity   : [XR] [494830799280] [17:03:34.869][Info   ]    VK_FORMAT_X8_D24_UNORM_PACK32
09-30 17:03:34.869 32564 32599 I Unity   : [XR] [494830799280] [17:03:34.869][Info   ]    VK_FORMAT_D32_SFLOAT
09-30 17:03:34.869 32564 32599 I Unity   : [XR] [494830799280] [17:03:34.869][Info   ]    VK_FORMAT_D24_UNORM_S8_UINT
09-30 17:03:34.869 32564 32599 I Unity   : [XR] [494830799280] [17:03:34.869][Info   ] Swapchain Views: (2)
09-30 17:03:34.869 32564 32599 I Unity   : [XR] [494830799280] [17:03:34.869][Info   ]   [0]: Width=1680, Height=1760, SampleCount=1
09-30 17:03:34.869 32564 32599 I Unity   : [XR] [494830799280] [17:03:34.869][Info   ]
09-30 17:03:34.869 32564 32599 I Unity   : [XR] [494830799280] [17:03:34.869][Info   ] ==== Last 20 Events ====
09-30 17:03:34.869 32564 32599 I Unity   : [XR] [494830799280] [17:03:34.869][Info   ] XrEventDataSessionStateChanged: XR_SESSION_STATE_UNKNOWN->XR_SESSION_STATE_IDLE
09-30 17:03:34.869 32564 32599 I Unity   : [XR] [494830799280] [17:03:34.869][Info   ] XrEventDataSessionStateChanged: XR_SESSION_STATE_IDLE->XR_SESSION_STATE_READY
09-30 17:03:34.869 32564 32599 I Unity   : [XR] [494830799280] [17:03:34.869][Info   ] XrEventDataSessionStateChanged: XR_SESSION_STATE_READY->XR_SESSION_STATE_SYNCHRONIZED
09-30 17:03:34.869 32564 32599 I Unity   : [XR] [494830799280] [17:03:34.869][Info   ] XrEventDataSessionStateChanged: XR_SESSION_STATE_SYNCHRONIZED->XR_SESSION_STATE_VISIBLE
09-30 17:03:34.869 32564 32599 I Unity   : [XR] [494830799280] [17:03:34.869][Info   ] XrEventDataSessionStateChanged: XR_SESSION_STATE_VISIBLE->XR_SESSION_STATE_FOCUSED
09-30 17:03:34.869 32564 32599 I Unity   : [XR] [494830799280] [17:03:34.869][Info   ]
09-30 17:03:34.869 32564 32599 I Unity   :
09-30 17:03:34.869 32564 32599 I Unity   : ==== End Unity OpenXR Diagnostic Report ====
09-30 17:03:34.869 32564 32599 I Unity   :
09-30 17:03:34.869 32564 32599 I Unity   :
09-30 17:03:34.877 32564 32599 I Unity   : [OVRManager] InputFocusAcquired event
09-30 17:03:34.877 32564 32599 I Unity   : UnityEngine.DebugLogHandler:Internal_Log(LogType, LogOption, String, Object)
09-30 17:03:34.877 32564 32599 I Unity   : OVRManager:Update()
09-30 17:03:34.877 32564 32599 I Unity   :
09-30 17:03:34.882 32564 32664 D Unity   : RequestCreateTexture
09-30 17:03:34.882 32564 32599 D Unity   : SetupRenderTextureFromXRRequest (id: 3 col: 0xb40000738383ac00 d: 0x0 sr: 0xb40000738383bb00)
09-30 17:03:34.882 32564 32599 D Unity   : RenderTexture::Create (id: 3)
09-30 17:03:34.889 32564 32599 I Unity   : [XR] [494830799280] [17:03:34.889][Verbose] Ignoring event type 1000101000
09-30 17:03:34.936 32564 32599 I Unity   : [XR] [494830799280] [17:03:34.936][Verbose] Ignoring event type 1000282000
09-30 17:03:34.937 32564 32599 I Unity   : Handle cmd APP_CMD_WINDOW_INSETS_CHANGED(17)
09-30 17:03:34.937 32564 32599 I Unity   : Handle cmd APP_CMD_WINDOW_INSETS_CHANGED(17)
09-30 17:03:38.944 32564 32599 I Unity   : Unable to process a controller whose SampleRateHz is 0 now.
09-30 17:03:38.944 32564 32599 I Unity   : UnityEngine.DebugLogHandler:Internal_Log(LogType, LogOption, String, Object)
09-30 17:03:38.944 32564 32599 I Unity   : OVRHapticsOutput:Process()
09-30 17:03:38.944 32564 32599 I Unity   : OVRHaptics:Process()
09-30 17:03:38.944 32564 32599 I Unity   : OVRManager:LateUpdate()
09-30 17:03:38.944 32564 32599 I Unity   :
09-30 17:03:38.944 32564 32599 I Unity   : Unable to process a controller whose SampleRateHz is 0 now.
09-30 17:03:38.944 32564 32599 I Unity   : UnityEngine.DebugLogHandler:Internal_Log(LogType, LogOption, String, Object)
09-30 17:03:38.944 32564 32599 I Unity   : OVRHapticsOutput:Process()
09-30 17:03:38.944 32564 32599 I Unity   : OVRHaptics:Process()
09-30 17:03:38.944 32564 32599 I Unity   : OVRManager:LateUpdate()
09-30 17:03:38.944 32564 32599 I Unity   :
09-30 17:03:39.030 32564 32564 I Unity   : windowFocusChanged: false
09-30 17:03:39.040 32564 32599 I Unity   : [XR] [494830799280] [17:03:39.040][Info   ] OpenXRSession::HandleSessionStateChangedEvent: state XR_SESSION_STATE_FOCUSED->XR_SESSION_STATE_VISIBLE session=81 time=8789642256854
09-30 17:03:39.040 32564 32599 I Unity   : [MetaXRFeature] OnSessionStateChange: 5 -> 4
09-30 17:03:39.040 32564 32599 I Unity   : UnityEngine.DebugLogHandler:Internal_Log(LogType, LogOption, String, Object)
09-30 17:03:39.040 32564 32599 I Unity   : Meta.XR.MetaXRFeature:OnSessionStateChange(Int32, Int32)
09-30 17:03:39.040 32564 32599 I Unity   : UnityEngine.XR.OpenXR.Features.OpenXRFeature:ReceiveNativeEvent(NativeEvent, UInt64)
09-30 17:03:39.040 32564 32599 I Unity   : UnityEngine.XR.OpenXR.OpenXRLoaderBase:ReceiveNativeEvent(NativeEvent, UInt64)
09-30 17:03:39.040 32564 32599 I Unity   : UnityEngine.XR.OpenXR.OpenXRLoaderBase:Internal_PumpMessageLoop()
09-30 17:03:39.040 32564 32599 I Unity   : UnityEngine.BeforeRenderHelper:Invoke()
09-30 17:03:39.040 32564 32599 I Unity   :
09-30 17:03:39.041 32564 32599 I Unity   : Handle cmd APP_CMD_LOST_FOCUS(8)
09-30 17:03:39.042 32564 32599 I Unity   : [OVRManager] OnApplicationFocus(false)
09-30 17:03:39.042 32564 32599 I Unity   : UnityEngine.DebugLogHandler:Internal_Log(LogType, LogOption, String, Object)
09-30 17:03:39.042 32564 32599 I Unity   :
09-30 17:03:39.042 32564 32599 I Unity   : [OVRManager] InputFocusLost event
09-30 17:03:39.042 32564 32599 I Unity   : UnityEngine.DebugLogHandler:Internal_Log(LogType, LogOption, String, Object)
09-30 17:03:39.042 32564 32599 I Unity   : OVRManager:Update()
09-30 17:03:39.042 32564 32599 I Unity   :
09-30 17:03:40.386 32564 32564 I Unity   : onPause
09-30 17:03:40.387 32564 32564 I Unity   : pauseUnity
09-30 17:03:40.402 32564 32599 E Unity   : [XR] [OpenXR Meta] xrPassthroughPauseFB failed with result XR_ERROR_HANDLE_INVALID.
09-30 17:03:40.402 32564 32599 I Unity   : [XR] [494830799280] [17:03:40.402][Info   ] OpenXRSession::HandleSessionStateChangedEvent: state XR_SESSION_STATE_VISIBLE->XR_SESSION_STATE_SYNCHRONIZED session=81 time=8791003590323
09-30 17:03:40.402 32564 32599 I Unity   : [MetaXRFeature] OnSessionStateChange: 4 -> 3
09-30 17:03:40.402 32564 32599 I Unity   : UnityEngine.DebugLogHandler:Internal_Log(LogType, LogOption, String, Object)
09-30 17:03:40.402 32564 32599 I Unity   : Meta.XR.MetaXRFeature:OnSessionStateChange(Int32, Int32)
09-30 17:03:40.402 32564 32599 I Unity   : UnityEngine.XR.OpenXR.Features.OpenXRFeature:ReceiveNativeEvent(NativeEvent, UInt64)
09-30 17:03:40.402 32564 32599 I Unity   : UnityEngine.XR.OpenXR.OpenXRLoaderBase:ReceiveNativeEvent(NativeEvent, UInt64)
09-30 17:03:40.402 32564 32599 I Unity   : UnityEngine.XR.OpenXR.OpenXRLoaderBase:Internal_PumpMessageLoop()
09-30 17:03:40.402 32564 32599 I Unity   : UnityEngine.BeforeRenderHelper:Invoke()
09-30 17:03:40.402 32564 32599 I Unity   :
09-30 17:03:40.402 32564 32599 I Unity   : [XR] [494830799280] [17:03:40.402][Info   ] OpenXRSession::HandleSessionStateChangedEvent: state XR_SESSION_STATE_SYNCHRONIZED->XR_SESSION_STATE_STOPPING session=81 time=8791003811260
09-30 17:03:40.402 32564 32599 I Unity   : [MetaXRFeature] OnSessionStateChange: 3 -> 6
09-30 17:03:40.402 32564 32599 I Unity   : UnityEngine.DebugLogHandler:Internal_Log(LogType, LogOption, String, Object)
09-30 17:03:40.402 32564 32599 I Unity   : Meta.XR.MetaXRFeature:OnSessionStateChange(Int32, Int32)
09-30 17:03:40.402 32564 32599 I Unity   : UnityEngine.XR.OpenXR.Features.OpenXRFeature:ReceiveNativeEvent(NativeEvent, UInt64)
09-30 17:03:40.402 32564 32599 I Unity   : UnityEngine.XR.OpenXR.OpenXRLoaderBase:ReceiveNativeEvent(NativeEvent, UInt64)
09-30 17:03:40.402 32564 32599 I Unity   : UnityEngine.XR.OpenXR.OpenXRLoaderBase:Internal_PumpMessageLoop()
09-30 17:03:40.402 32564 32599 I Unity   : UnityEngine.BeforeRenderHelper:Invoke()
09-30 17:03:40.402 32564 32599 I Unity   :
09-30 17:03:40.404 32564 32599 I Unity   : [MetaXRFeature] OnSessionEnd: 81
09-30 17:03:40.404 32564 32599 I Unity   : UnityEngine.DebugLogHandler:Internal_Log(LogType, LogOption, String, Object)
09-30 17:03:40.404 32564 32599 I Unity   : Meta.XR.MetaXRFeature:OnSessionEnd(UInt64)
09-30 17:03:40.404 32564 32599 I Unity   : UnityEngine.XR.OpenXR.Features.OpenXRFeature:ReceiveNativeEvent(NativeEvent, UInt64)
09-30 17:03:40.404 32564 32599 I Unity   : UnityEngine.XR.OpenXR.OpenXRLoaderBase:ReceiveNativeEvent(NativeEvent, UInt64)
09-30 17:03:40.404 32564 32599 I Unity   : UnityEngine.XR.OpenXR.OpenXRLoaderBase:Internal_EndSession()
09-30 17:03:40.404 32564 32599 I Unity   : UnityEngine.XR.OpenXR.OpenXRLoaderBase:StopInternal()
09-30 17:03:40.404 32564 32599 I Unity   : UnityEngine.XR.OpenXR.OpenXRLoaderBase:ReceiveNativeEvent(NativeEvent, UInt64)
09-30 17:03:40.404 32564 32599 I Unity   : UnityEngine.XR.OpenXR.OpenXRLoaderBase:Internal_PumpMessageLoop()
09-30 17:03:40.404 32564 32599 I Unity   : UnityEngine.BeforeRenderHelper:Invoke()
09-30 17:03:40.404 32564 32599 I Unity   :
09-30 17:03:40.430 32564 32599 I Unity   : [XR] [494830799280] [17:03:40.430][Info   ] OpenXRSession::HandleSessionStateChangedEvent: state XR_SESSION_STATE_STOPPING->XR_SESSION_STATE_IDLE session=81 time=8791032932617
09-30 17:03:40.430 32564 32599 I Unity   : [MetaXRFeature] OnSessionStateChange: 6 -> 1
09-30 17:03:40.430 32564 32599 I Unity   : UnityEngine.DebugLogHandler:Internal_Log(LogType, LogOption, String, Object)
09-30 17:03:40.430 32564 32599 I Unity   : Meta.XR.MetaXRFeature:OnSessionStateChange(Int32, Int32)
09-30 17:03:40.430 32564 32599 I Unity   : UnityEngine.XR.OpenXR.Features.OpenXRFeature:ReceiveNativeEvent(NativeEvent, UInt64)
09-30 17:03:40.430 32564 32599 I Unity   : UnityEngine.XR.OpenXR.OpenXRLoaderBase:ReceiveNativeEvent(NativeEvent, UInt64)
09-30 17:03:40.430 32564 32599 I Unity   : UnityEngine.XR.OpenXR.OpenXRLoaderBase:Internal_PumpMessageLoop()
09-30 17:03:40.430 32564 32599 I Unity   : UnityEngine.XR.OpenXR.OpenXRLoaderBase:ReceiveNativeEvent(NativeEvent, UInt64)
09-30 17:03:40.430 32564 32599 I Unity   : UnityEngine.XR.OpenXR.OpenXRLoaderBase:Internal_PumpMessageLoop()
09-30 17:03:40.430 32564 32599 I Unity   : UnityEngine.BeforeRenderHelper:Invoke()
09-30 17:03:40.430 32564 32599 I Unity   :
09-30 17:03:40.431 32564 32599 I Unity   : Handle cmd APP_CMD_PAUSE(14)
09-30 17:03:40.434 32564 32664 D Unity   : RequestDestroyTexture
09-30 17:03:40.434 32564 32664 D Unity   : RequestDestroyTexture
09-30 17:03:40.434 32564 32664 D Unity   : RequestDestroyTexture
09-30 17:03:40.436 32564 32599 I Unity   : [OVRManager] OnApplicationPause(true)
09-30 17:03:40.436 32564 32599 I Unity   : UnityEngine.DebugLogHandler:Internal_Log(LogType, LogOption, String, Object)
09-30 17:03:40.436 32564 32599 I Unity   :
09-30 17:03:40.436 32564 32599 I Unity   : Camera2: Pause preview.
09-30 17:03:40.437 32564 32599 I Unity   : Camera2: Close.
09-30 17:03:40.437 32564 32599 I Unity   : Camera2: Stop preview.
09-30 17:03:40.497 32564 32748 I Unity   : Camera2: CameraDevice closed.
09-30 17:03:40.516 32564 32599 D Unity   : Vulkan PSO: Pipeline cache has not changed skipping save handle[24eb9a80]
09-30 17:03:40.642 32564 32735 D Unity   : ChoreographerNDK: Ignoring event, since Choreographer is disabled
09-30 17:03:40.643 32564 32599 E Unity   : UnityGame: GameManager not available.
09-30 17:03:40.643 32564 32599 I Unity   : Handle cmd APP_CMD_TERM_WINDOW(2)
09-30 17:03:40.644 32564 32564 D Unity   : PersistentUnitySurface.preserveContent: com.unity3d.player.UnityPlayerGameActivity$GameActivitySurfaceView{7eb45f9 V.E...... ......I. 0,0-4128,2208 #7f080125 app:id/unitySurfaceView}
09-30 17:03:40.646 32564 32564 D Unity   : PersistentUnitySurface.PlaceholderView.Copy: com.unity3d.player.UnityPlayerGameActivity$GameActivitySurfaceView{7eb45f9 V.E...... ......I. 0,0-4128,2208 #7f080125 app:id/unitySurfaceView} Width 4128  Height 2208
09-30 17:03:40.679 32564   597 D Unity   : PixelCopy finished: 3
09-30 17:03:40.704 32564 32599 I Unity   : Handle cmd APP_CMD_STOP(15)
09-30 17:03:40.708 32564 32564 I Unity   : onDestroy
09-30 17:03:40.713 32564 32599 I Unity   : Handle cmd APP_CMD_DESTROY(16)
09-30 17:03:40.713 32564 32599 I Unity   : UnityApplication::DestroyInstance
09-30 17:03:40.713 32564 32599 I Unity   : [OVRManager] OnApplicationQuit
09-30 17:03:40.713 32564 32599 I Unity   : UnityEngine.DebugLogHandler:Internal_Log(LogType, LogOption, String, Object)
09-30 17:03:40.713 32564 32599 I Unity   :
09-30 17:03:40.714 32564 32599 I Unity   : [XR] [494830799280] [17:03:40.714][Verbose] Ignoring event type 1000528001
09-30 17:03:40.714 32564 32599 I Unity   : [XR] [494830799280] [17:03:40.714][Verbose] Ignoring event type 1000101000
09-30 17:03:40.745 32564 32599 E Unity   : [XR] [OpenXR Meta] xrPassthroughPauseFB failed with result XR_ERROR_HANDLE_INVALID.
09-30 17:03:40.746 32564 32599 E Unity   : [XR] [OpenXR Meta] [OcclusionProvier] Not initialized. Your app must be granted required permissions and Start the provider before using it.
09-30 17:03:40.752 32564 32599 I Unity   : [XR] [494830799280] [17:03:40.752][Info   ]
09-30 17:03:40.752 32564 32599 I Unity   :
09-30 17:03:40.752 32564 32599 I Unity   : ==== Start Unity OpenXR Diagnostic Report ====
09-30 17:03:40.752 32564 32599 I Unity   :
09-30 17:03:40.752 32564 32599 I Unity   :
09-30 17:03:40.752 32564 32599 I Unity   : [XR] [494830799280] [17:03:40.752][Info   ] ==== Report Reason: System Shutdown ====
09-30 17:03:40.752 32564 32599 I Unity   :
09-30 17:03:40.752 32564 32599 I Unity   :
09-30 17:03:40.752 32564 32599 I Unity   : [XR] [494830799280] [17:03:40.752][Info   ] ==== Vulkan ====
09-30 17:03:40.752 32564 32599 I Unity   : [XR] [494830799280] [17:03:40.752][Info   ]
09-30 17:03:40.752 32564 32599 I Unity   : [XR] [494830799280] [17:03:40.752][Info   ] Depth Support Available: Yes
09-30 17:03:40.752 32564 32599 I Unity   : [XR] [494830799280] [17:03:40.752][Info   ]
09-30 17:03:40.752 32564 32599 I Unity   : [XR] [494830799280] [17:03:40.752][Info   ] Enable: XR_KHR_vulkan_enable2
09-30 17:03:40.752 32564 32599 I Unity   : [XR] [494830799280] [17:03:40.752][Info   ]
09-30 17:03:40.752 32564 32599 I Unity   : [XR] [494830799280] [17:03:40.752][Info   ] ==== OpenXR Runtime Info ====
09-30 17:03:40.752 32564 32599 I Unity   : [XR] [494830799280] [17:03:40.752][Info   ]
09-30 17:03:40.752 32564 32599 I Unity   : [XR] [494830799280] [17:03:40.752][Info   ] Available Runtime Extensions: (84)
09-30 17:03:40.752 32564 32599 I Unity   : [XR] [494830799280] [17:03:40.752][Info   ]   XR_KHR_android_create_instance: Version=3
09-30 17:03:40.752 32564 32599 I Unity   : [XR] [494830799280] [17:03:40.752][Info   ]   XR_KHR_android_surface_swapchain: Version=4
09-30 17:03:40.752 32564 32599 I Unity   : [XR] [494830799280] [17:03:40.752][Info   ]   XR_KHR_android_thread_settings: Version=6
09-30 17:03:40.752 32564 32599 I Unity   : [XR] [494830799280] [17:03:40.752][Info   ]   XR_FB_android_surface_swapchain_create: Version=1
09-30 17:03:40.752 32564 32599 I Unity   : [XR] [494830799280] [17:03:40.752][Info   ]   XR_KHR_opengl_es_enable: Version=8
09-30 17:03:40.752 32564 32599 I Unity   : [XR] [494830799280] [17:03:40.752][Info   ]   XR_KHR_vulkan_enable: Version=8
09-30 17:03:40.752 32564 32599 I Unity   : [XR] [494830799280] [17:03:40.752][Info   ]   XR_KHR_vulkan_enable2: Version=2
09-30 17:03:40.752 32564 32599 I Unity   : [XR] [494830799280] [17:03:40.752][Info   ]   XR_KHR_composition_layer_cube: Version=8
09-30 17:03:40.752 32564 32599 I Unity   : [XR] [494830799280] [17:03:40.752][Info   ]   XR_KHR_composition_layer_cylinder: Version=4
09-30 17:03:40.752 32564 32599 I Unity   : [XR] [494830799280] [17:03:40.752][Info   ]   XR_KHR_composition_layer_equirect2: Version=1
09-30 17:03:40.752 32564 32599 I Unity   : [XR] [494830799280] [17:03:40.752][Info   ]   XR_KHR_composition_layer_color_scale_bias: Version=5
09-30 17:03:40.752 32564 32599 I Unity   : [XR] [494830799280] [17:03:40.752][Info   ]   XR_KHR_composition_layer_depth: Version=6
09-30 17:03:40.752 32564 32599 I Unity   : [XR] [494830799280] [17:03:40.752][Info   ]   XR_FB_color_space: Version=3
09-30 17:03:40.752 32564 32599 I Unity   : [XR] [494830799280] [17:03:40.752][Info   ]   XR_EXT_performance_settings: Version=4
09-30 17:03:40.752 32564 32599 I Unity   : [XR] [494830799280] [17:03:40.752][Info   ]   XR_EXT_hand_tracking: Version=4
09-30 17:03:40.752 32564 32599 I Unity   : [XR] [494830799280] [17:03:40.752][Info   ]   XR_EXT_debug_utils: Version=5
09-30 17:03:40.752 32564 32599 I Unity   : [XR] [494830799280] [17:03:40.752][Info   ]   XR_FB_display_refresh_rate: Version=1
09-30 17:03:40.752 32564 32599 I Unity   : [XR] [494830799280] [17:03:40.752][Info   ]   XR_FB_swapchain_update_state: Version=3
09-30 17:03:40.752 32564 32599 I Unity   : [XR] [494830799280] [17:03:40.752][Info   ]   XR_FB_swapchain_update_state_opengl_es: Version=1
09-30 17:03:40.752 32564 32599 I Unity   : [XR] [494830799280] [17:03:40.752][Info   ]   XR_FB_swapchain_update_state_vulkan: Version=1
09-30 17:03:40.752 32564 32599 I Unity   : [XR] [494830799280] [17:03:40.752][Info   ]   XR_FB_swapchain_update_state_android_surface: Version=1
09-30 17:03:40.752 32564 32599 I Unity   : [XR] [494830799280] [17:03:40.752][Info   ]   XR_OCULUS_common_reference_spaces: Version=1
09-30 17:03:40.752 32564 32599 I Unity   : [XR] [494830799280] [17:03:40.752][Info   ]   XR_FB_composition_layer_image_layout: Version=1
09-30 17:03:40.752 32564 32599 I Unity   : [XR] [494830799280] [17:03:40.752][Info   ]   XR_FB_composition_layer_alpha_blend: Version=3
09-30 17:03:40.752 32564 32599 I Unity   : [XR] [494830799280] [17:03:40.752][Info   ]   XR_EXT_composition_layer_inverted_alpha: Version=1
09-30 17:03:40.752 32564 32599 I Unity   : [XR] [494830799280] [17:03:40.752][Info   ]   XR_FB_common_events: Version=2
09-30 17:03:40.752 32564 32599 I Unity   : [XR] [494830799280] [17:03:40.752][Info   ]   XR_FB_hand_tracking_mesh: Version=3
09-30 17:03:40.752 32564 32599 I Unity   : [XR] [494830799280] [17:03:40.752][Info   ]   XR_FB_hand_tracking_aim: Version=2
09-30 17:03:40.752 32564 32599 I Unity   : [XR] [494830799280] [17:03:40.752][Info   ]   XR_FB_hand_tracking_capsules: Version=3
09-30 17:03:40.752 32564 32599 I Unity   : [XR] [494830799280] [17:03:40.752][Info   ]   XR_META_hand_tracking_microgestures: Version=1
09-30 17:03:40.752 32564 32599 I Unity   : [XR] [494830799280] [17:03:40.752][Info   ]   XR_FB_foveation: Version=1
09-30 17:03:40.752 32564 32599 I Unity   : [XR] [494830799280] [17:03:40.752][Info   ]   XR_FB_foveation_configuration: Version=1
09-30 17:03:40.752 32564 32599 I Unity   : [XR] [494830799280] [17:03:40.752][Info   ]   XR_FB_foveation_vulkan: Version=1
09-30 17:03:40.752 32564 32599 I Unity   : [XR] [494830799280] [17:03:40.752][Info   ]   XR_FB_composition_layer_secure_content: Version=1
09-30 17:03:40.752 32564 32599 I Unity   : [XR] [494830799280] [17:03:40.752][Info   ]   XR_KHR_convert_timespec_time: Version=1
09-30 17:03:40.752 32564 32599 I Unity   : [XR] [494830799280] [17:03:40.752][Info   ]   XR_FB_spatial_entity: Version=1
09-30 17:03:40.752 32564 32599 I Unity   : [XR] [494830799280] [17:03:40.752][Info   ]   XR_FB_triangle_mesh: Version=2
09-30 17:03:40.752 32564 32599 I Unity   : [XR] [494830799280] [17:03:40.752][Info   ]   XR_FB_passthrough: Version=4
09-30 17:03:40.752 32564 32599 I Unity   : [XR] [494830799280] [17:03:40.752][Info   ]   XR_META_passthrough_color_lut: Version=1
09-30 17:03:40.752 32564 32599 I Unity   : [XR] [494830799280] [17:03:40.752][Info   ]   XR_META_passthrough_layer_resumed_event: Version=1
09-30 17:03:40.752 32564 32599 I Unity   : [XR] [494830799280] [17:03:40.752][Info   ]   XR_META_passthrough_preferences: Version=1
09-30 17:03:40.752 32564 32599 I Unity   : [XR] [494830799280] [17:03:40.752][Info   ]   XR_FB_spatial_entity_query: Version=1
09-30 17:03:40.752 32564 32599 I Unity   : [XR] [494830799280] [17:03:40.752][Info   ]   XR_META_spatial_entity_persistence: Version=1
09-30 17:03:40.752 32564 32599 I Unity   : [XR] [494830799280] [17:03:40.752][Info   ]   XR_META_spatial_entity_discovery: Version=1
09-30 17:03:40.752 32564 32599 I Unity   : [XR] [494830799280] [17:03:40.752][Info   ]   XR_FB_touch_controller_proximity: Version=1
09-30 17:03:40.752 32564 32599 I Unity   : [XR] [494830799280] [17:03:40.752][Info   ]   XR_FB_touch_controller_pro: Version=1
09-30 17:03:40.752 32564 32599 I Unity   : [XR] [494830799280] [17:03:40.752][Info   ]   XR_META_touch_controller_plus: Version=1
09-30 17:03:40.752 32564 32599 I Unity   : [XR] [494830799280] [17:03:40.752][Info   ]   XR_FB_haptic_amplitude_envelope: Version=1
09-30 17:03:40.752 32564 32599 I Unity   : [XR] [494830799280] [17:03:40.752][Info   ]   XR_FB_haptic_pcm: Version=1
09-30 17:03:40.752 32564 32599 I Unity   : [XR] [494830799280] [17:03:40.752][Info   ]   XR_FB_spatial_entity_storage: Version=1
09-30 17:03:40.752 32564 32599 I Unity   : [XR] [494830799280] [17:03:40.752][Info   ]   XR_FB_spatial_entity_storage_batch: Version=1
09-30 17:03:40.752 32564 32599 I Unity   : [XR] [494830799280] [17:03:40.752][Info   ]   XR_FB_spatial_entity_user: Version=1
09-30 17:03:40.752 32564 32599 I Unity   : [XR] [494830799280] [17:03:40.752][Info   ]   XR_FB_space_warp: Version=2
09-30 17:03:40.752 32564 32599 I Unity   : [XR] [494830799280] [17:03:40.752][Info   ]   XR_FB_spatial_entity_container: Version=1
09-30 17:03:40.752 32564 32599 I Unity   : [XR] [494830799280] [17:03:40.752][Info   ]   XR_FB_scene: Version=1
09-30 17:03:40.752 32564 32599 I Unity   : [XR] [494830799280] [17:03:40.752][Info   ]   XR_FB_scene_capture: Version=1
09-30 17:03:40.752 32564 32599 I Unity   : [XR] [494830799280] [17:03:40.752][Info   ]   XR_META_spatial_entity_mesh: Version=1
09-30 17:03:40.752 32564 32599 I Unity   : [XR] [494830799280] [17:03:40.752][Info   ]   XR_META_vulkan_swapchain_create_info: Version=1
09-30 17:03:40.752 32564 32599 I Unity   : [XR] [494830799280] [17:03:40.752][Info   ]   XR_FB_composition_layer_settings: Version=1
09-30 17:03:40.752 32564 32599 I Unity   : [XR] [494830799280] [17:03:40.752][Info   ]   XR_META_feature_fidelity: Version=1
09-30 17:03:40.752 32564 32599 I Unity   : [XR] [494830799280] [17:03:40.752][Info   ]   XR_FB_composition_layer_depth_test: Version=1
09-30 17:03:40.752 32564 32599 I Unity   : [XR] [494830799280] [17:03:40.752][Info   ]   XR_EXT_hand_joints_motion_range: Version=1
09-30 17:03:40.752 32564 32599 I Unity   : [XR] [494830799280] [17:03:40.752][Info   ]   XR_EXT_hand_tracking_data_source: Version=1
09-30 17:03:40.752 32564 32599 I Unity   : [XR] [494830799280] [17:03:40.752][Info   ]   XR_META_performance_metrics: Version=2
09-30 17:03:40.752 32564 32599 I Unity   : [XR] [494830799280] [17:03:40.752][Info   ]   XR_META_virtual_keyboard: Version=1
09-30 17:03:40.752 32564 32599 I Unity   : [XR] [494830799280] [17:03:40.752][Info   ]   XR_META_detached_controllers: Version=1
09-30 17:03:40.752 32564 32599 I Unity   : [XR] [494830799280] [17:03:40.752][Info   ]   XR_MSFT_hand_interaction: Version=1
09-30 17:03:40.752 32564 32599 I Unity   : [XR] [494830799280] [17:03:40.752][Info   ]   XR_META_headset_id: Version=2
09-30 17:03:40.752 32564 32599 I Unity   : [XR] [494830799280] [17:03:40.752][Info   ]   XR_META_recommended_layer_resolution: Version=1
09-30 17:03:40.752 32564 32599 I Unity   : [XR] [494830799280] [17:03:40.752][Info   ]   XR_META_environment_depth: Version=1
09-30 17:03:40.752 32564 32599 I Unity   : [XR] [494830799280] [17:03:40.752][Info   ]   XR_META_environment_raycast: Version=1
09-30 17:03:40.752 32564 32599 I Unity   : [XR] [494830799280] [17:03:40.752][Info   ]   XR_EXT_active_action_set_priority: Version=1
09-30 17:03:40.752 32564 32599 I Unity   : [XR] [494830799280] [17:03:40.752][Info   ]   XR_META_automatic_layer_filter: Version=1
09-30 17:03:40.752 32564 32599 I Unity   : [XR] [494830799280] [17:03:40.752][Info   ]   XR_META_simultaneous_hands_and_controllers: Version=1
09-30 17:03:40.752 32564 32599 I Unity   : [XR] [494830799280] [17:03:40.752][Info   ]   XR_EXT_local_floor: Version=1
09-30 17:03:40.752 32564 32599 I Unity   : [XR] [494830799280] [17:03:40.752][Info   ]   XR_EXT_hand_interaction: Version=1
09-30 17:03:40.752 32564 32599 I Unity   : [XR] [494830799280] [17:03:40.752][Info   ]   XR_META_boundary_visibility: Version=1
09-30 17:03:40.752 32564 32599 I Unity   : [XR] [494830799280] [17:03:40.752][Info   ]   XR_META_dynamic_object_tracker: Version=1
09-30 17:03:40.752 32564 32599 I Unity   : [XR] [494830799280] [17:03:40.752][Info   ]   XR_META_dynamic_object_keyboard: Version=1
09-30 17:03:40.752 32564 32599 I Unity   : [XR] [494830799280] [17:03:40.752][Info   ]   XR_EXT_user_presence: Version=1
09-30 17:03:40.752 32564 32599 I Unity   : [XR] [494830799280] [17:03:40.752][Info   ]   XR_KHR_visibility_mask: Version=2
09-30 17:03:40.752 32564 32599 I Unity   : [XR] [494830799280] [17:03:40.752][Info   ]   XR_LOGITECH_mx_ink_stylus_interaction: Version=1
09-30 17:03:40.752 32564 32599 I Unity   : [XR] [494830799280] [17:03:40.752][Info   ]   XR_EXT_future: Version=1
09-30 17:03:40.752 32564 32599 I Unity   : [XR] [494830799280] [17:03:40.752][Info   ]   XR_EXT_frame_synthesis: Version=1
09-30 17:03:40.752 32564 32599 I Unity   : [XR] [494830799280] [17:03:40.752][Info   ]
09-30 17:03:40.752 32564 32599 I Unity   : [XR] [494830799280] [17:03:40.752][Info   ] Available Layers: (0)
09-30 17:03:40.753 32564 32599 I Unity   : [XR] [494830799280] [17:03:40.752][Info   ]
09-30 17:03:40.753 32564 32599 I Unity   : [XR] [494830799280] [17:03:40.753][Info   ] Runtime Name: Oculus
09-30 17:03:40.753 32564 32599 I Unity   : [XR] [494830799280] [17:03:40.753][Info   ] Runtime Version: 79.1310.0
09-30 17:03:40.753 32564 32599 I Unity   : [XR] [494830799280] [17:03:40.753][Info   ]
09-30 17:03:40.753 32564 32599 I Unity   : [XR] [494830799280] [17:03:40.753][Info   ] Form factor: XR_FORM_FACTOR_HEAD_MOUNTED_DISPLAY
09-30 17:03:40.753 32564 32599 I Unity   : [XR] [494830799280] [17:03:40.753][Info   ]
09-30 17:03:40.753 32564 32599 I Unity   : [XR] [494830799280] [17:03:40.753][Info   ] Runtime extensions enabled: (75)
09-30 17:03:40.753 32564 32599 I Unity   : [XR] [494830799280] [17:03:40.753][Info   ]   XR_EXT_debug_utils: Version=5
09-30 17:03:40.753 32564 32599 I Unity   : [XR] [494830799280] [17:03:40.753][Info   ]   XR_EXT_future: Version=1
09-30 17:03:40.753 32564 32599 I Unity   : [XR] [494830799280] [17:03:40.753][Info   ]   XR_EXT_hand_interaction: Version=1
09-30 17:03:40.753 32564 32599 I Unity   : [XR] [494830799280] [17:03:40.753][Info   ]   XR_EXT_hand_joints_motion_range: Version=1
09-30 17:03:40.753 32564 32599 I Unity   : [XR] [494830799280] [17:03:40.753][Info   ]   XR_EXT_hand_tracking: Version=4
09-30 17:03:40.753 32564 32599 I Unity   : [XR] [494830799280] [17:03:40.753][Info   ]   XR_EXT_hand_tracking_data_source: Version=1
09-30 17:03:40.753 32564 32599 I Unity   : [XR] [494830799280] [17:03:40.753][Info   ]   XR_EXT_local_floor: Version=1
09-30 17:03:40.753 32564 32599 I Unity   : [XR] [494830799280] [17:03:40.753][Info   ]   XR_EXT_performance_settings: Version=4
09-30 17:03:40.753 32564 32599 I Unity   : [XR] [494830799280] [17:03:40.753][Info   ]   XR_EXT_user_presence: Version=1
09-30 17:03:40.753 32564 32599 I Unity   : [XR] [494830799280] [17:03:40.753][Info   ]   XR_FB_android_surface_swapchain_create: Version=1
09-30 17:03:40.753 32564 32599 I Unity   : [XR] [494830799280] [17:03:40.753][Info   ]   XR_FB_color_space: Version=3
09-30 17:03:40.753 32564 32599 I Unity   : [XR] [494830799280] [17:03:40.753][Info   ]   XR_FB_common_events: Version=2
09-30 17:03:40.753 32564 32599 I Unity   : [XR] [494830799280] [17:03:40.753][Info   ]   XR_FB_composition_layer_alpha_blend: Version=3
09-30 17:03:40.753 32564 32599 I Unity   : [XR] [494830799280] [17:03:40.753][Info   ]   XR_FB_composition_layer_depth_test: Version=1
09-30 17:03:40.753 32564 32599 I Unity   : [XR] [494830799280] [17:03:40.753][Info   ]   XR_FB_composition_layer_image_layout: Version=1
09-30 17:03:40.753 32564 32599 I Unity   : [XR] [494830799280] [17:03:40.753][Info   ]   XR_FB_composition_layer_settings: Version=1
09-30 17:03:40.753 32564 32599 I Unity   : [XR] [494830799280] [17:03:40.753][Info   ]   XR_FB_display_refresh_rate: Version=1
09-30 17:03:40.753 32564 32599 I Unity   : [XR] [494830799280] [17:03:40.753][Info   ]   XR_FB_foveation: Version=1
09-30 17:03:40.753 32564 32599 I Unity   : [XR] [494830799280] [17:03:40.753][Info   ]   XR_FB_foveation_configuration: Version=1
09-30 17:03:40.753 32564 32599 I Unity   : [XR] [494830799280] [17:03:40.753][Info   ]   XR_FB_foveation_vulkan: Version=1
09-30 17:03:40.753 32564 32599 I Unity   : [XR] [494830799280] [17:03:40.753][Info   ]   XR_FB_hand_tracking_aim: Version=2
09-30 17:03:40.753 32564 32599 I Unity   : [XR] [494830799280] [17:03:40.753][Info   ]   XR_FB_hand_tracking_capsules: Version=3
09-30 17:03:40.753 32564 32599 I Unity   : [XR] [494830799280] [17:03:40.753][Info   ]   XR_FB_hand_tracking_mesh: Version=3
09-30 17:03:40.753 32564 32599 I Unity   : [XR] [494830799280] [17:03:40.753][Info   ]   XR_FB_haptic_amplitude_envelope: Version=1
09-30 17:03:40.753 32564 32599 I Unity   : [XR] [494830799280] [17:03:40.753][Info   ]   XR_FB_haptic_pcm: Version=1
09-30 17:03:40.753 32564 32599 I Unity   : [XR] [494830799280] [17:03:40.753][Info   ]   XR_FB_passthrough: Version=4
09-30 17:03:40.753 32564 32599 I Unity   : [XR] [494830799280] [17:03:40.753][Info   ]   XR_FB_scene: Version=1
09-30 17:03:40.753 32564 32599 I Unity   : [XR] [494830799280] [17:03:40.753][Info   ]   XR_FB_scene_capture: Version=1
09-30 17:03:40.753 32564 32599 I Unity   : [XR] [494830799280] [17:03:40.753][Info   ]   XR_FB_spatial_entity: Version=1
09-30 17:03:40.753 32564 32599 I Unity   : [XR] [494830799280] [17:03:40.753][Info   ]   XR_FB_spatial_entity_container: Version=1
09-30 17:03:40.753 32564 32599 I Unity   : [XR] [494830799280] [17:03:40.753][Info   ]   XR_FB_spatial_entity_query: Version=1
09-30 17:03:40.753 32564 32599 I Unity   : [XR] [494830799280] [17:03:40.753][Info   ]   XR_FB_spatial_entity_storage: Version=1
09-30 17:03:40.753 32564 32599 I Unity   : [XR] [494830799280] [17:03:40.753][Info   ]   XR_FB_spatial_entity_storage_batch: Version=1
09-30 17:03:40.753 32564 32599 I Unity   : [XR] [494830799280] [17:03:40.753][Info   ]   XR_FB_spatial_entity_user: Version=1
09-30 17:03:40.753 32564 32599 I Unity   : [XR] [494830799280] [17:03:40.753][Info   ]   XR_FB_swapchain_update_state: Version=3
09-30 17:03:40.753 32564 32599 I Unity   : [XR] [494830799280] [17:03:40.753][Info   ]   XR_FB_swapchain_update_state_opengl_es: Version=1
09-30 17:03:40.753 32564 32599 I Unity   : [XR] [494830799280] [17:03:40.753][Info   ]   XR_FB_swapchain_update_state_vulkan: Version=1
09-30 17:03:40.753 32564 32599 I Unity   : [XR] [494830799280] [17:03:40.753][Info   ]   XR_FB_touch_controller_pro: Version=1
09-30 17:03:40.753 32564 32599 I Unity   : [XR] [494830799280] [17:03:40.753][Info   ]   XR_FB_touch_controller_proximity: Version=1
09-30 17:03:40.753 32564 32599 I Unity   : [XR] [494830799280] [17:03:40.753][Info   ]   XR_FB_triangle_mesh: Version=2
09-30 17:03:40.753 32564 32599 I Unity   : [XR] [494830799280] [17:03:40.753][Info   ]   XR_KHR_android_create_instance: Version=3
09-30 17:03:40.753 32564 32599 I Unity   : [XR] [494830799280] [17:03:40.753][Info   ]   XR_KHR_android_surface_swapchain: Version=4
09-30 17:03:40.753 32564 32599 I Unity   : [XR] [494830799280] [17:03:40.753][Info   ]   XR_KHR_composition_layer_color_scale_bias: Version=5
09-30 17:03:40.753 32564 32599 I Unity   : [XR] [494830799280] [17:03:40.753][Info   ]   XR_KHR_composition_layer_cube: Version=8
09-30 17:03:40.753 32564 32599 I Unity   : [XR] [494830799280] [17:03:40.753][Info   ]   XR_KHR_composition_layer_cylinder: Version=4
09-30 17:03:40.753 32564 32599 I Unity   : [XR] [494830799280] [17:03:40.753][Info   ]   XR_KHR_composition_layer_depth: Version=6
09-30 17:03:40.753 32564 32599 I Unity   : [XR] [494830799280] [17:03:40.753][Info   ]   XR_KHR_composition_layer_equirect2: Version=1
09-30 17:03:40.753 32564 32599 I Unity   : [XR] [494830799280] [17:03:40.753][Info   ]   XR_KHR_convert_timespec_time: Version=1
09-30 17:03:40.753 32564 32599 I Unity   : [XR] [494830799280] [17:03:40.753][Info   ]   XR_KHR_visibility_mask: Version=2
09-30 17:03:40.753 32564 32599 I Unity   : [XR] [494830799280] [17:03:40.753][Info   ]   XR_KHR_vulkan_enable: Version=8
09-30 17:03:40.753 32564 32599 I Unity   : [XR] [494830799280] [17:03:40.753][Info   ]   XR_KHR_vulkan_enable2: Version=2
09-30 17:03:40.753 32564 32599 I Unity   : [XR] [494830799280] [17:03:40.753][Info   ]   XR_LOGITECH_mx_ink_stylus_interaction: Version=1
09-30 17:03:40.753 32564 32599 I Unity   : [XR] [494830799280] [17:03:40.753][Info   ]   XR_META_automatic_layer_filter: Version=1
09-30 17:03:40.753 32564 32599 I Unity   : [XR] [494830799280] [17:03:40.753][Info   ]   XR_META_boundary_visibility: Version=1
09-30 17:03:40.753 32564 32599 I Unity   : [XR] [494830799280] [17:03:40.753][Info   ]   XR_META_detached_controllers: Version=1
09-30 17:03:40.753 32564 32599 I Unity   : [XR] [494830799280] [17:03:40.753][Info   ]   XR_META_dynamic_object_keyboard: Version=1
09-30 17:03:40.753 32564 32599 I Unity   : [XR] [494830799280] [17:03:40.753][Info   ]   XR_META_dynamic_object_tracker: Version=1
09-30 17:03:40.753 32564 32599 I Unity   : [XR] [494830799280] [17:03:40.753][Info   ]   XR_META_environment_depth: Version=1
09-30 17:03:40.753 32564 32599 I Unity   : [XR] [494830799280] [17:03:40.753][Info   ]   XR_META_hand_tracking_microgestures: Version=1
09-30 17:03:40.753 32564 32599 I Unity   : [XR] [494830799280] [17:03:40.753][Info   ]   XR_META_headset_id: Version=2
09-30 17:03:40.753 32564 32599 I Unity   : [XR] [494830799280] [17:03:40.753][Info   ]   XR_META_passthrough_color_lut: Version=1
09-30 17:03:40.753 32564 32599 I Unity   : [XR] [494830799280] [17:03:40.753][Info   ]   XR_META_passthrough_layer_resumed_event: Version=1
09-30 17:03:40.753 32564 32599 I Unity   : [XR] [494830799280] [17:03:40.753][Info   ]   XR_META_passthrough_preferences: Version=1
09-30 17:03:40.753 32564 32599 I Unity   : [XR] [494830799280] [17:03:40.753][Info   ]   XR_META_performance_metrics: Version=2
09-30 17:03:40.753 32564 32599 I Unity   : [XR] [494830799280] [17:03:40.753][Info   ]   XR_META_recommended_layer_resolution: Version=1
09-30 17:03:40.753 32564 32599 I Unity   : [XR] [494830799280] [17:03:40.753][Info   ]   XR_META_simultaneous_hands_and_controllers: Version=1
09-30 17:03:40.753 32564 32599 I Unity   : [XR] [494830799280] [17:03:40.753][Info   ]   XR_META_spatial_entity_discovery: Version=1
09-30 17:03:40.753 32564 32599 I Unity   : [XR] [494830799280] [17:03:40.753][Info   ]   XR_META_spatial_entity_mesh: Version=1
09-30 17:03:40.753 32564 32599 I Unity   : [XR] [494830799280] [17:03:40.753][Info   ]   XR_META_spatial_entity_persistence: Version=1
09-30 17:03:40.753 32564 32599 I Unity   : [XR] [494830799280] [17:03:40.753][Info   ]   XR_META_touch_controller_plus: Version=1
09-30 17:03:40.753 32564 32599 I Unity   : [XR] [494830799280] [17:03:40.753][Info   ]   XR_META_virtual_keyboard: Version=1
09-30 17:03:40.753 32564 32599 I Unity   : [XR] [494830799280] [17:03:40.753][Info   ]   XR_META_vulkan_swapchain_create_info: Version=1
09-30 17:03:40.753 32564 32599 I Unity   : [XR] [494830799280] [17:03:40.753][Info   ]   XR_MSFT_hand_interaction: Version=1
